Result:
---------------
{
  "data": {
    "root": {
      "items": [
        {
          "bar": "d"
        },
        {
          "bar": "e"
        }
      ],
      "pageInfo": {
        "hasNextPage": true,
        "hasPreviousPage": true
      }
    }
  }
}
---------------

Query:
---------------
MATCH (foo:Foo) RETURN foo SKIP 2 LIMIT 3
---------------
