Result:
---------------
{
  "data": {
    "root": {
      "items": [
        {
          "bar": "a"
        },
        {
          "bar": "b"
        }
      ],
      "pageInfo": {
        "hasNextPage": true,
        "hasPreviousPage": false
      }
    }
  }
}
---------------

Query:
---------------
MATCH (foo:Foo) RETURN foo LIMIT 3
---------------
