12and13 Result:
---------------
{
  "data": {
    "root": [
      {
        "barShort": 14
      }
    ]
  }
}
---------------

12and13 Query:
---------------
MATCH (fooComp:FooComp) WHERE NOT (fooComp.BarShort IN [ 12, 13 ]) RETURN fooComp {.BarShort} ORDER BY fooComp {.BarShort} ASC
---------------

13and14 Result:
---------------
{
  "data": {
    "root": [
      {
        "barShort": 12
      }
    ]
  }
}
---------------

13and14 Query:
---------------
MATCH (fooComp:FooComp) WHERE NOT (fooComp.BarShort IN [ 13, 14 ]) RETURN fooComp {.BarShort} ORDER BY fooComp {.BarShort} ASC
---------------

nullAnd14
---------------
{
  "errors": [
    {
      "message": "The provided value for filter \u0060nin\u0060 of type ShortOperationFilterInput is invalid. Null values are not supported.",
      "locations": [
        {
          "line": 1,
          "column": 34
        }
      ],
      "path": [
        "root"
      ],
      "extensions": {
        "code": "HC0026",
        "expectedType": "[Short!]",
        "filterType": "ShortOperationFilterInput"
      }
    }
  ],
  "data": {
    "root": []
  }
}
---------------
