12 Result:
---------------
{
  "data": {
    "root": [
      {
        "barShort": 12
      }
    ]
  }
}
---------------

12 Query:
---------------
MATCH (fooCompNullable:FooCompNullable) WHERE fooCompNullable.BarShort = 12 RETURN fooCompNullable {.BarShort} ORDER BY fooCompNullable {.BarShort} ASC
---------------

13 Result:
---------------
{
  "data": {
    "root": [
      {
        "barShort": 13
      }
    ]
  }
}
---------------

13 Query:
---------------
MATCH (fooCompNullable:FooCompNullable) WHERE fooCompNullable.BarShort = 13 RETURN fooCompNullable {.BarShort} ORDER BY fooCompNullable {.BarShort} ASC
---------------

null Result:
---------------
{
  "data": {
    "root": []
  }
}
---------------

null Query:
---------------
MATCH (fooCompNullable:FooCompNullable) WHERE fooCompNullable.BarShort = NULL RETURN fooCompNullable {.BarShort} ORDER BY fooCompNullable {.BarShort} ASC
---------------
