MoviesSchema_Actors_Query
---------------
{
  "data": {
    "actors": {
      "items": [
        {
          "name": "Carrie-Anne Moss",
          "actedIn": [
            {
              "title": "The Matrix Revolutions"
            },
            {
              "title": "The Matrix Reloaded"
            },
            {
              "title": "The Matrix"
            }
          ]
        },
        {
          "name": "Emil Eifrem",
          "actedIn": [
            {
              "title": "The Matrix"
            }
          ]
        },
        {
          "name": "Hugo Weaving",
          "actedIn": [
            {
              "title": "The Matrix Revolutions"
            },
            {
              "title": "The Matrix Reloaded"
            },
            {
              "title": "The Matrix"
            }
          ]
        },
        {
          "name": "Joel Silver",
          "actedIn": []
        },
        {
          "name": "Keanu Reeves",
          "actedIn": [
            {
              "title": "The Matrix Revolutions"
            },
            {
              "title": "The Matrix Reloaded"
            },
            {
              "title": "The Matrix"
            }
          ]
        },
        {
          "name": "Lana Wachowski",
          "actedIn": []
        },
        {
          "name": "Laurence Fishburne",
          "actedIn": [
            {
              "title": "The Matrix Revolutions"
            },
            {
              "title": "The Matrix Reloaded"
            },
            {
              "title": "The Matrix"
            }
          ]
        },
        {
          "name": "Lilly Wachowski",
          "actedIn": []
        }
      ]
    }
  }
}
---------------

MoviesSchema_Name_StartsWith_Actors_Query
---------------
{
  "data": {
    "actors": {
      "items": [
        {
          "name": "Keanu Reeves",
          "actedIn": [
            {
              "title": "The Matrix Revolutions"
            },
            {
              "title": "The Matrix Reloaded"
            },
            {
              "title": "The Matrix"
            }
          ]
        }
      ]
    }
  }
}
---------------

MoviesSchema_Movies_Query
---------------
{
  "data": {
    "movies": {
      "items": [
        {
          "title": "The Matrix"
        },
        {
          "title": "The Matrix Reloaded"
        },
        {
          "title": "The Matrix Revolutions"
        }
      ]
    }
  }
}
---------------

MoviesSchema_Name_Desc_Sort_Actors_Query
---------------
{
  "data": {
    "actors": {
      "items": [
        {
          "name": "Carrie-Anne Moss",
          "actedIn": [
            {
              "title": "The Matrix Revolutions"
            },
            {
              "title": "The Matrix Reloaded"
            },
            {
              "title": "The Matrix"
            }
          ]
        },
        {
          "name": "Emil Eifrem",
          "actedIn": [
            {
              "title": "The Matrix"
            }
          ]
        },
        {
          "name": "Hugo Weaving",
          "actedIn": [
            {
              "title": "The Matrix Revolutions"
            },
            {
              "title": "The Matrix Reloaded"
            },
            {
              "title": "The Matrix"
            }
          ]
        },
        {
          "name": "Joel Silver",
          "actedIn": []
        },
        {
          "name": "Keanu Reeves",
          "actedIn": [
            {
              "title": "The Matrix Revolutions"
            },
            {
              "title": "The Matrix Reloaded"
            },
            {
              "title": "The Matrix"
            }
          ]
        },
        {
          "name": "Lana Wachowski",
          "actedIn": []
        },
        {
          "name": "Laurence Fishburne",
          "actedIn": [
            {
              "title": "The Matrix Revolutions"
            },
            {
              "title": "The Matrix Reloaded"
            },
            {
              "title": "The Matrix"
            }
          ]
        },
        {
          "name": "Lilly Wachowski",
          "actedIn": []
        }
      ]
    }
  }
}
---------------

MoviesSchema_Name_Desc_Sort_Actors_SkipOne_TakeTwo_Query
---------------
{
  "data": {
    "actors": {
      "items": [
        {
          "name": "Emil Eifrem",
          "actedIn": [
            {
              "title": "The Matrix"
            }
          ]
        },
        {
          "name": "Hugo Weaving",
          "actedIn": [
            {
              "title": "The Matrix Revolutions"
            },
            {
              "title": "The Matrix Reloaded"
            },
            {
              "title": "The Matrix"
            }
          ]
        }
      ]
    }
  }
}
---------------
