{
  "data": {
    "actors": {
      "items": [
        {
          "name": "Test",
          "actedIn": [
            {
              "title": "Test Movie 1"
            },
            {
              "title": "Test Movie 2"
            }
          ]
        }
      ]
    }
  }
}