Result:
---------------
{
  "data": {
    "root": [
      {
        "bar": true
      },
      {
        "bar": false
      }
    ]
  }
}
---------------

Query:
---------------
MATCH (fooBool:FooBool) RETURN fooBool {.Bar}
---------------
