Original

{
  reviews {
    body
    user {
      name
      username
    }
    product {
      upc
    }
  }
}

Reviews

query Operation_616263_2 {
  reviews {
    body
    user {
      name
      _export_User_id: id
    }
    product {
      upc
    }
  }
}

-->
Accounts

query Operation_616263_1($_export_User_id: ID!) {
  userById(id: $_export_User_id) {
    username
  }
}

<--

