extend schema @_hc_service(name: "abc") {

}

type Bar {
  abc: String
}
