extend schema @_hc_service(name: "abc") {

}

type Foo {

}

extend type Foo {

}
