MoviesSchema_Actors_Query Result:
---------------
{
  "errors": [
    {
      "message": "The field \u0060name\u0060 does not exist on the type \u0060ActorsCollectionSegment\u0060.",
      "locations": [
        {
          "line": 3,
          "column": 21
        }
      ],
      "path": [
        "actors"
      ],
      "extensions": {
        "type": "ActorsCollectionSegment",
        "field": "name",
        "responseName": "name",
        "specifiedBy": "http://spec.graphql.org/October2021/#sec-Field-Selections-on-Objects-Interfaces-and-Unions-Types"
      }
    },
    {
      "message": "The field \u0060actedIn\u0060 does not exist on the type \u0060ActorsCollectionSegment\u0060.",
      "locations": [
        {
          "line": 4,
          "column": 21
        }
      ],
      "path": [
        "actors"
      ],
      "extensions": {
        "type": "ActorsCollectionSegment",
        "field": "actedIn",
        "responseName": "actedIn",
        "specifiedBy": "http://spec.graphql.org/October2021/#sec-Field-Selections-on-Objects-Interfaces-and-Unions-Types"
      }
    }
  ]
}
---------------

MoviesSchema_Name_StartsWith_Actors_Query Result:
---------------
{
  "errors": [
    {
      "message": "The field \u0060name\u0060 does not exist on the type \u0060ActorsCollectionSegment\u0060.",
      "locations": [
        {
          "line": 3,
          "column": 21
        }
      ],
      "path": [
        "actors"
      ],
      "extensions": {
        "type": "ActorsCollectionSegment",
        "field": "name",
        "responseName": "name",
        "specifiedBy": "http://spec.graphql.org/October2021/#sec-Field-Selections-on-Objects-Interfaces-and-Unions-Types"
      }
    },
    {
      "message": "The field \u0060actedIn\u0060 does not exist on the type \u0060ActorsCollectionSegment\u0060.",
      "locations": [
        {
          "line": 4,
          "column": 21
        }
      ],
      "path": [
        "actors"
      ],
      "extensions": {
        "type": "ActorsCollectionSegment",
        "field": "actedIn",
        "responseName": "actedIn",
        "specifiedBy": "http://spec.graphql.org/October2021/#sec-Field-Selections-on-Objects-Interfaces-and-Unions-Types"
      }
    }
  ]
}
---------------

MoviesSchema_Movies_Query Result:
---------------
{
  "errors": [
    {
      "message": "The field \u0060title\u0060 does not exist on the type \u0060MoviesCollectionSegment\u0060.",
      "locations": [
        {
          "line": 3,
          "column": 21
        }
      ],
      "path": [
        "movies"
      ],
      "extensions": {
        "type": "MoviesCollectionSegment",
        "field": "title",
        "responseName": "title",
        "specifiedBy": "http://spec.graphql.org/October2021/#sec-Field-Selections-on-Objects-Interfaces-and-Unions-Types"
      }
    }
  ]
}
---------------

MoviesSchema_Name_Desc_Sort_Actors_Query Result:
---------------
{
  "errors": [
    {
      "message": "The field \u0060name\u0060 does not exist on the type \u0060ActorsCollectionSegment\u0060.",
      "locations": [
        {
          "line": 3,
          "column": 21
        }
      ],
      "path": [
        "actors"
      ],
      "extensions": {
        "type": "ActorsCollectionSegment",
        "field": "name",
        "responseName": "name",
        "specifiedBy": "http://spec.graphql.org/October2021/#sec-Field-Selections-on-Objects-Interfaces-and-Unions-Types"
      }
    },
    {
      "message": "The field \u0060actedIn\u0060 does not exist on the type \u0060ActorsCollectionSegment\u0060.",
      "locations": [
        {
          "line": 4,
          "column": 21
        }
      ],
      "path": [
        "actors"
      ],
      "extensions": {
        "type": "ActorsCollectionSegment",
        "field": "actedIn",
        "responseName": "actedIn",
        "specifiedBy": "http://spec.graphql.org/October2021/#sec-Field-Selections-on-Objects-Interfaces-and-Unions-Types"
      }
    }
  ]
}
---------------

MoviesSchema_Name_Desc_Sort_Actors_SkipOne_TakeTwo_Query
---------------
{
  "errors": [
    {
      "message": "Cannot handle the specified data source."
    }
  ],
  "data": {
    "actors": null
  }
}
---------------
