true Result:
---------------
{
  "data": {
    "root": [
      {
        "bar": false
      }
    ]
  }
}
---------------

true Query:
---------------
MATCH (fooBool:FooBool) WHERE fooBool.Bar <> True RETURN fooBool {.Bar} ORDER BY fooBool {.Bar} ASC
---------------

false Result:
---------------
{
  "data": {
    "root": [
      {
        "bar": true
      }
    ]
  }
}
---------------

false Query:
---------------
MATCH (fooBool:FooBool) WHERE fooBool.Bar <> False RETURN fooBool {.Bar} ORDER BY fooBool {.Bar} ASC
---------------
