true Result:
---------------
{
  "data": {
    "root": [
      {
        "bar": false
      }
    ]
  }
}
---------------

true Query:
---------------
MATCH (fooBoolNullable:FooBoolNullable) WHERE fooBoolNullable.Bar <> True RETURN fooBoolNullable {.Bar} ORDER BY fooBoolNullable {.Bar} ASC
---------------

false Result:
---------------
{
  "data": {
    "root": [
      {
        "bar": true
      }
    ]
  }
}
---------------

false Query:
---------------
MATCH (fooBoolNullable:FooBoolNullable) WHERE fooBoolNullable.Bar <> False RETURN fooBoolNullable {.Bar} ORDER BY fooBoolNullable {.Bar} ASC
---------------

null Result:
---------------
{
  "data": {
    "root": []
  }
}
---------------

null Query:
---------------
MATCH (fooBoolNullable:FooBoolNullable) WHERE fooBoolNullable.Bar <> NULL RETURN fooBoolNullable {.Bar} ORDER BY fooBoolNullable {.Bar} ASC
---------------
