or Result:
---------------
{
  "data": {
    "root": [
      {
        "bar": false
      },
      {
        "bar": true
      }
    ]
  }
}
---------------

or Query:
---------------
MATCH (fooBool:FooBool) WHERE (fooBool.Bar = True OR fooBool.Bar = False) RETURN fooBool {.Bar} ORDER BY fooBool {.Bar} ASC
---------------
