{
  "message": "Can not specify `inheritMaxAge: true` and a value for `maxAge` for the @cacheControl directive on the field Query.field.",
  "type": "Query",
  "extensions": {}
}

