schema {
  query: Query
}

type Query {
  field1: String
  field2: String @cacheControl(maxAge: 200)
}

"The scope of a cache hint."
enum CacheControlScope {
  "The value to cache is not tied to a single user."
  PUBLIC
  "The value to cache is specific to a single user."
  PRIVATE
}

"The `@cacheControl` directive may be provided for individual fields or entire object, interface or union types to provide caching hints to the executor."
directive @cacheControl("The maximum amount of time this field's cached value is valid, in seconds." maxAge: Int "If `PRIVATE`, the field's value is specific to a single user. The default value is `PUBLIC`, which means the field's value is not tied to a single user." scope: CacheControlScope "If `true`, the field inherits the `maxAge` of its parent field." inheritMaxAge: Boolean) on OBJECT | FIELD_DEFINITION | INTERFACE | UNION

"The `@defer` directive may be provided for fragment spreads and inline fragments to inform the executor to delay the execution of the current fragment to indicate deprioritization of the current fragment. A query with `@defer` directive will cause the request to potentially return multiple responses, where non-deferred data is delivered in the initial response and data deferred is delivered in a subsequent response. `@include` and `@skip` take precedence over `@defer`."
directive @defer("If this argument label has a value other than null, it will be passed on to the result of this defer directive. This label is intended to give client applications a way to identify to which fragment a deferred result belongs to." label: String "Deferred when true." if: Boolean) on FRAGMENT_SPREAD | INLINE_FRAGMENT

"The `@stream` directive may be provided for a field of `List` type so that the backend can leverage technology such as asynchronous iterators to provide a partial list in the initial response, and additional list items in subsequent responses. `@include` and `@skip` take precedence over `@stream`."
directive @stream("If this argument label has a value other than null, it will be passed on to the result of this stream directive. This label is intended to give client applications a way to identify to which fragment a streamed result belongs to." label: String "The initial elements that shall be send down to the consumer." initialCount: Int! = 0 "Streamed when true." if: Boolean) on FIELD
