{
  "message": "Can not specify `inheritMaxAge: true` and a value for `maxAge` for the @cacheControl directive on the field Interface.field.",
  "type": "Interface",
  "extensions": {}
}

