{
  "Kind": "ObjectTypeDefinition",
  "Description": null,
  "Interfaces": [],
  "Fields": [
    {
      "Kind": "FieldDefinition",
      "Description": null,
      "Arguments": [],
      "Type": {
        "Kind": "NamedType",
        "Location": {
          "Start": 30,
          "End": 50,
          "Line": 2,
          "Column": 20
        },
        "Name": {
          "Kind": "Name",
          "Location": {
            "Start": 30,
            "End": 50,
            "Line": 2,
            "Column": 20
          },
          "Value": "String"
        }
      },
      "Location": {
        "Start": 27,
        "End": 50,
        "Line": 2,
        "Column": 17
      },
      "Name": {
        "Kind": "Name",
        "Location": {
          "Start": 27,
          "End": 29,
          "Line": 2,
          "Column": 17
        },
        "Value": "b"
      },
      "Directives": []
    },
    {
      "Kind": "FieldDefinition",
      "Description": null,
      "Arguments": [],
      "Type": {
        "Kind": "NamedType",
        "Location": {
          "Start": 30,
          "End": 50,
          "Line": 2,
          "Column": 20
        },
        "Name": {
          "Kind": "Name",
          "Location": {
            "Start": 30,
            "End": 50,
            "Line": 2,
            "Column": 20
          },
          "Value": "String"
        }
      },
      "Location": {
        "Start": 27,
        "End": 50,
        "Line": 2,
        "Column": 17
      },
      "Name": {
        "Kind": "Name",
        "Location": {
          "Start": 27,
          "End": 29,
          "Line": 2,
          "Column": 17
        },
        "Value": "a"
      },
      "Directives": []
    }
  ],
  "Location": {
    "Start": 0,
    "End": 50,
    "Line": 1,
    "Column": 1
  },
  "Name": {
    "Kind": "Name",
    "Location": {
      "Start": 5,
      "End": 10,
      "Line": 1,
      "Column": 6
    },
    "Value": "Foo"
  },
  "Directives": []
}
