{
  "Headers": [],
  "ContentHeaders": [
    {
      "Key": "Content-Type",
      "Value": [
        "application/json; charset=utf-8"
      ]
    }
  ],
  "Body": "{\"data\":{\"field\":\"\"}}"
}
